// Jest Snapshot v1, https://goo.gl/fbAQLP

exports[`''; 1`] = `
"'';
"
`;

exports[`func 1`] = `
"import __ from \\"tx-i18n/text\\";
console.log(__(\\"Single \\\\\\"quote\\\\\\"\\"));
console.log(__(\\"Double \\\\\\"quote\\\\\\"\\"));
console.log(__(\`Mixed \\\\\\"quote\\\\'\`));
"
`;

exports[`like mustache vars 1`] = `
"import __ from \\"tx-i18n/text\\";
console.log(__(\\"Single '{'quote'}'\\"));
console.log(__(\\"Double '{'quote'}'\\"));
console.log(__(\`Litteral '{'quote'}'\`));
"
`;

exports[`numbers 1`] = `
"'1';
'2px';
'3%';
'4vh';
'5 + 6';
'123:35-dm:214';
"
`;

exports[`object 1`] = `
"import __ from \\"tx-i18n/text\\";
const short = false;
const obj = {
    short,
    foo: __(\\"bar\\"),
    'hello': __(\\"world\\"),
    'bar-qux': __(\\"wow\\"),
    [\`interpolated \${123}\`]: __(\\"ok\\"),
};
const inArray = [
    {
        value: __(\\"Username\\"),
    },
];
obj['property'] = __(\\"yes\\");
obj[\`property: \${321}\`] = __(\`wow\`);
"
`;

exports[`plural 1`] = `
"import __ from \\"tx-i18n/text\\";
import { enPlural as plural } from '../../../icu/plural/en';
console.log(__(\\"You have {v1, plural, one {# message} other {# messages}}.\\", [{ $: plural, _: 5 }]));
console.log(__(\\"{v1, plural, one {# message} other {# messages}}\\", [{ $: plural, _: 0 }]));
export function pluralMessages(num) {
    return __(\\"{v1, plural, one {message} other {messages}}\\", [{ $: plural, _: num }]);
}
"
`;

exports[`simple 1`] = `
"import __ from \\"tx-i18n/text\\";
__(\\"foo\\");
__(\\"бар\\");
__(\\"[~!@#$%^&*_-+=\`|\\\\\\\\()'{''}'[]:;\\\\\\"'<>,.?/]\\");
__(\\"[~!@#$%^&*_-+=\`|\\\\\\\\()'{''}'[]:;\\\\\\"'<>,.?/]\\");
__(\\"Максимальное значение - $'{'max'}'\\");
"
`;

exports[`template 1`] = `
"import __ from \\"tx-i18n/text\\";
__(\`simple\`);
\`\${123}\`;
__(\\"ss\\\\\\"ttt\\\\\\"rr\\");
__(\\"before: {v1}\\", [1]);
__(\\"{v1}: after\\", [2]);
__(\\"before middle {v2}\\", [4]);
__(\\"foo бар baz\\");
__(\\"{v1} шесть {v2} восемь\\", [5, 7]);
__(\\"with '{' --{v1}-- '}' expr\\", [90]);
"
`;
