// Jest Snapshot v1, https://goo.gl/fbAQLP

exports[`''; 1`] = `
"'';
"
`;

exports[`numbers 1`] = `
"'1';
'2px';
'3%';
'4vh';
'5 + 6';
'123:35-dm:214';
"
`;

exports[`object 1`] = `
"import __ from \\"tx-i18n\\";
const short = false;
const obj = {
    short,
    foo: __('bar'),
    'hello': __('world'),
    'bar-qux': __('wow'),
    [\`interpolated \${123}\`]: __('ok'),
};
const inArray = [
    {
        value: __('Username'),
    },
];
obj['property'] = __('yes');
obj[\`property: \${321}\`] = __(\`wow\`);
"
`;

exports[`simple 1`] = `
"import __ from \\"tx-i18n\\";
__('foo');
__('бар');
"
`;

exports[`template 1`] = `
"import __ from \\"tx-i18n\\";
__(\`simple\`);
\`\${__('str')}\`;
__(\\"before: <#1>\\", [1]);
__(\\"<#1>: after\\", [2]);
__(\\"<#1> middle <#2>\\", [__('before'), 4]);
__(\\"foo <#1> baz\\", [__('бар')]);
__(\\"<#1> шесть <#2> восемь\\", [5, 7]);
"
`;
